// Jest Snapshot v1, https://goo.gl/fbAQLP

exports[`Qr Scanner renders without crashing 1`] = `<View />`;
